> # Chunk 1: setup
> library(dplyr)
> library(stringi)
> library(ggplot2)
> 
> # these packages are used for a range of items related to optimization - compiled code, multi-processing, etc.
> look_for_packages <- c('Rcpp', 'tictoc', 'rbenchmark', 'microbenchmark', 'profr', 'profvis', 'snow', 'doSNOW', 'parallel', 'doParallel', 'Rmpi', 'foreach', 'future', 'future.apply', 'SparkR', 'DistributedR', 'ddR', 'sparklyr', 'batchtools', 'RcppParallel', 'threadpool', 'parallelDist', 'parallelMap', 'doMC', 'doMPI', 'partools', 'DSL')
> # Notes about package selection
> #Timing tools
> #  system.time() - time how long something takes
> #  Sys.time() - get current time
> #  tictoc - package
> #  rbenchmark - package
> #  microbenchmark - Package
> #  Rprof - function
> #  profr - Package
> #  profvis - Package
> #
> #Parallelization packages
> #  snow
> #  doSNOW
> #  parallel - R started with release 2.14.0 which includes a new package parallel incorporating (slightly revised) copies of packages multicore and snow.
> #  doParallel
> #  Rmpi - Rmpi provides an interface (wrapper) to MPI APIs. It also provides interactive R slave environment.
> #  foreach - Executing the loop in parallel.
> #  future - A minimal, efficient, cross-platform unified Future API for parallel and distributed processing in R; designed for beginners as well as advanced developers.
> #  SparkR - R frontend for Spark.
> #  DistributedR - A scalable high-performance platform from HP Vertica Analytics Team.
> #  ddR - Provides distributed data structures and simplifies distributed computing in R.
> #  sparklyr - R interface for Apache Spark from RStudio.
> #  batchtools - High performance computing with LSF, TORQUE, Slurm, OpenLava, SGE and Docker Swarm.
> #  RcppParallel
> #  threadpool
> #  parallelDist
> #  parallelMap
> #  doMC
> #  doMPI
> #  Rmpi
> #  partools
> #  DSL - has MapReduce function
> 
> 
> # Chunk 2: importsharedfn
> # update this path based on where you have checked out the git repository
> source("~/SoftwareEngineeringPrinciples/sourcecode/shared_fn.R")
> 
> # Chunk 3: grep_packages
> # if value 100%, then read all packages, otherwise, randomly select number of packages provided
> sample_size <- '100%'
> # dont need to untar, but is useful for manual analysis
> untar_files <- FALSE
> 
> # call code from shared_fn.R to download files and extract them if desired
> package_df <- initialize(search_pattern="src[^/]*/.+", sample_size=sample_size, untar_files=untar_files)
> 
> if (nrow(package_df[package_df$download_error == TRUE, ]) > 0) {
+   print('Unable to download or untar these packages - they will not be considered in analysis')
+   print(package_df[package_df$download_error == TRUE, ])
+ } else {
+   print('It appears that all files downloaded and untared successfully.')
+ }
[1] "It appears that all files downloaded and untared successfully."
> 
> print(paste('As of', date(), 'there are', nrow(package_df), 'packages available on CRAN'))
[1] "As of Mon Sep 24 15:38:10 2018 there are 13089 packages available on CRAN"
> 
> # Chunk 4: grep_based_visualizations
> # build data needed for plots
> gtf <- grep_table_freqs(package_df)
> gtt <- grep_table_totals(gtf)
[1] "Summary Table for Grep Results"
      [,1]   [,2]   [,3]   [,4]   [,5]   [,6]   [,7]   [,8]   [,9]   [,10]  [,11]  [,12]  [,13]  [,14] 
Year  "2005" "2006" "2007" "2008" "2009" "2010" "2011" "2012" "2013" "2014" "2015" "2016" "2017" "2018"
Total "   1" "   4" "   1" "  10" "  25" "  32" "  65" " 469" " 573" " 770" "1166" "1788" "2731" "5454"
Grep  NA     "   3" NA     "   1" "   6" "  11" "  15" "  63" " 115" " 163" " 237" " 392" " 667" "1664"
Pct   NA     "75"   NA     "10"   "24"   "34"   "23"   "13"   "20"   "21"   "20"   "22"   "24"   "31"  
> 
> # generate plots
> freq_plot <- grep_viz_freq(gtf, image_prefix = 'optimization', label = 'Compiled')
> freq_plot
> pct_plot <- grep_viz_pct(gtt, image_prefix = 'optimization', label = 'Compiled')
> pct_plot
> 
> # Chunk 5: dependencies
> # function from shared_fn.R - sets package_df$package_deps
> package_df <- calc_dependencies(package_df)
          Rcpp       parallel        foreach     doParallel microbenchmark         future   RcppParallel           doMC           Rmpi 
          1454            913            482            366             77             35             33             25             23 
          snow     rbenchmark         doSNOW   future.apply    parallelMap       sparklyr   parallelDist          doMPI         tictoc 
            21             20             16             15             14              8              5              5              4 
    batchtools          profr        profvis         SparkR       partools            DSL   DistributedR            ddR     threadpool 
             3              1              1              1              1              1              0              0              0 
> 
> # are there any that have more than one dependency listed?
> # these are all counted multiple times in histogram
> show_multiple_dependencies(package_df, look_for_packages)
Packages with 0 dependencies: 10591 
Packages with 1 dependencies: 1841 
Packages with 2 dependencies: 377 
Multiple Dependency Table (dep=2):
    batchtools,parallel  batchtools,parallelMap            doMC,foreach           doMC,parallel      doParallel,foreach 
                      1                       1                      10                       2                     100 
    doParallel,parallel         doParallel,Rcpp        foreach,parallel            foreach,Rcpp     future,future.apply 
                     13                       4                      11                      24                       5 
        future,parallel             future,Rcpp microbenchmark,parallel     microbenchmark,Rcpp       parallelDist,Rcpp 
                      4                       3                       2                      31                       1 
   parallel,parallelMap     parallel,rbenchmark           parallel,Rcpp           parallel,Rmpi           parallel,snow 
                      3                       1                     117                       6                       1 
        rbenchmark,Rcpp       Rcpp,RcppParallel               Rcpp,Rmpi             Rcpp,tictoc               Rmpi,snow 
                      9                      23                       1                       1                       3 
Packages with 3 dependencies: 213 
Multiple Dependency Table (dep=3):
    batchtools,future,future.apply            doMC,doParallel,foreach                doMC,doSNOW,foreach              doMC,foreach,parallel 
                                 1                                  4                                  1                                  1 
                 doMC,foreach,Rcpp           doMPI,doParallel,foreach             doMPI,foreach,parallel  doParallel,foreach,microbenchmark 
                                 1                                  1                                  1                                  1 
       doParallel,foreach,parallel    doParallel,foreach,parallelDist           doParallel,foreach,profr            doParallel,foreach,Rcpp 
                               131                                  1                                  1                                 36 
    doParallel,microbenchmark,Rcpp           doParallel,parallel,Rcpp            doSNOW,foreach,parallel                doSNOW,foreach,Rcpp 
                                 1                                  4                                  5                                  3 
               doSNOW,foreach,snow            foreach,future,parallel              foreach,parallel,Rmpi              foreach,parallel,snow 
                                 2                                  1                                  1                                  1 
future,future.apply,microbenchmark       future,future.apply,parallel           future,future.apply,Rcpp               future,parallel,Rcpp 
                                 1                                  1                                  2                                  1 
      microbenchmark,parallel,Rcpp   microbenchmark,Rcpp,RcppParallel         parallel,parallelDist,Rcpp        parallel,parallelMap,tictoc 
                                 1                                  2                                  1                                  1 
        parallel,Rcpp,RcppParallel                 parallel,Rcpp,Rmpi                 parallel,Rmpi,snow 
                                 2                                  1                                  2 
Packages with 4 dependencies: 49 
Multiple Dependency Table (dep=4):
           doMC,doParallel,foreach,Rcpp     doMPI,doParallel,foreach,rbenchmark      doParallel,doSNOW,foreach,parallel 
                                      1                                       1                                       1 
         doParallel,doSNOW,foreach,Rcpp          doParallel,foreach,future,Rcpp        doParallel,foreach,parallel,Rcpp 
                                      1                                       1                                      36 
       doParallel,foreach,parallel,Rmpi            doSNOW,foreach,parallel,Rcpp    foreach,future,future.apply,parallel 
                                      3                                       1                                       1 
      future,future.apply,parallel,Rcpp    microbenchmark,parallel,profvis,Rcpp microbenchmark,parallel,rbenchmark,Rcpp 
                                      1                                       1                                       1 
Packages with 5 dependencies: 15 
Multiple Dependency Table (dep=5):
                doMPI,doParallel,foreach,parallel,Rcpp        doParallel,foreach,microbenchmark,parallel,Rcpp 
                                                     1                                                      5 
           doParallel,foreach,parallel,rbenchmark,Rcpp          doParallel,foreach,parallel,Rcpp,RcppParallel 
                                                     1                                                      4 
                 doParallel,foreach,parallel,Rcpp,Rmpi                      doSNOW,foreach,parallel,Rcpp,snow 
                                                     1                                                      1 
             foreach,future,future.apply,parallel,snow microbenchmark,parallel,parallelDist,Rcpp,RcppParallel 
                                                     1                                                      1 
Packages with 6 dependencies: 2 
Multiple Dependency Table (dep=6):
              doMC,doParallel,doSNOW,foreach,parallel,snow doParallel,foreach,parallel,parallelDist,Rcpp,RcppParallel 
                                                         1                                                          1 
Packages with 7 dependencies: 1 
Multiple Dependency Table (dep=7):
doMPI,doParallel,foreach,future,parallel,parallelMap,snow 
                                                        1 
Packages with 8 dependencies: 0 
Packages with 9 dependencies: 0 
Packages with 10 dependencies: 0 
Packages with 11 dependencies: 0 
Packages with 12 dependencies: 0 
Packages with 13 dependencies: 0 
Packages with 14 dependencies: 0 
Packages with 15 dependencies: 0 
Packages with 16 dependencies: 0 
Packages with 17 dependencies: 0 
Packages with 18 dependencies: 0 
Packages with 19 dependencies: 0 
Packages with 20 dependencies: 0 
Packages with 21 dependencies: 0 
Packages with 22 dependencies: 0 
Packages with 23 dependencies: 0 
Packages with 24 dependencies: 0 
Packages with 25 dependencies: 0 
Packages with 26 dependencies: 0 
Packages with 27 dependencies: 0 
Packages with 28 dependencies: 0 
> 
> # Chunk 6: dependency_based_visualizations
> # need to merge transformed_df with package_df to keep those with no dependency and create better histogram
> transformed_df <- transform_df(package_df)
> transformed_df <- merge(transformed_df, package_df[package_df$package_deps == 'none', ][colnames(transformed_df)], all=TRUE)
> 
> dep_freqs <- aggregate(strftime(transformed_df$date, "%Y"),
+                        by=list(strftime(transformed_df$date, "%Y"), transformed_df$package_deps),
+                        FUN=length)
> 
> names(dep_freqs) <- c('Year', 'Dependency', 'Count')
> 
> fplot <- ggplot(data=dep_freqs[dep_freqs$Count > 14, ], aes(x=Year, y=Count, fill=Dependency)) +
+   geom_bar(stat="identity") +
+   scale_fill_brewer(type='div', palette = 'Set1', na.value='#e41a1c') + # http://colorbrewer2.org/#type=qualitative&scheme=Set1&n=9
+   xlab("Year Package Last Updated") +
+   labs(fill = "Dependency n > 14")
> fplot
> ggsave(filename = paste0(image_base, "optimization_dependency_stacked_bar.png"), fplot,
+        width = 7.2, height = 5.5, dpi = 600, units = "in", device='png')
> 
> dep_totals <- dependency_table(dep_freqs)
> print('Dependency Table:')
[1] "Dependency Table:"
> dep_totals
                   [,1]   [,2]   [,3]   [,4]   [,5]   [,6]   [,7]   [,8]   [,9]   [,10]  [,11]  [,12]  [,13]  [,14] 
Year               "2005" "2006" "2007" "2008" "2009" "2010" "2011" "2012" "2013" "2014" "2015" "2016" "2017" "2018"
Count              "   1" "   4" "   1" "  10" "  25" "  32" "  66" " 475" " 575" " 789" "1211" "1886" "2940" "6100"
Rcpp               "  0"  "  0"  "  0"  "  0"  "  0"  "  1"  "  0"  "  4"  "  6"  " 42"  " 64"  "158"  "312"  "867" 
Rcpp_Pct           " 0"   " 0"   " 0"   " 0"   " 0"   " 3"   " 0"   " 1"   " 1"   " 5"   " 5"   " 8"   "11"   "14"  
tictoc             "0"    "0"    "0"    "0"    "0"    "0"    "0"    "0"    "0"    "0"    "0"    "0"    "1"    "3"   
rbenchmark         " 0"   " 0"   " 0"   " 0"   " 0"   " 0"   " 0"   " 0"   " 0"   " 0"   " 1"   " 1"   " 4"   "14"  
microbenchmark     " 0"   " 0"   " 0"   " 0"   " 0"   " 0"   " 0"   " 0"   " 0"   " 0"   " 0"   " 5"   "12"   "60"  
microbenchmark_Pct "0"    "0"    "0"    "0"    "0"    "0"    "0"    "0"    "0"    "0"    "0"    "0"    "0"    "1"   
profr              "0"    "0"    "0"    "0"    "0"    "0"    "0"    "0"    "0"    "0"    "0"    "1"    "0"    "0"   
profvis            "0"    "0"    "0"    "0"    "0"    "0"    "0"    "0"    "0"    "0"    "0"    "0"    "0"    "1"   
snow               " 0"   " 0"   " 0"   " 0"   " 0"   " 0"   " 0"   " 4"   " 1"   " 0"   " 1"   " 0"   " 5"   "10"  
snow_Pct           "0"    "0"    "0"    "0"    "0"    "0"    "0"    "1"    "0"    "0"    "0"    "0"    "0"    "0"   
doSNOW             "0"    "0"    "0"    "0"    "0"    "0"    "0"    "1"    "0"    "2"    "0"    "0"    "5"    "8"   
parallel           "  0"  "  0"  "  0"  "  0"  "  0"  "  0"  "  0"  "  3"  " 14"  " 32"  " 55"  "109"  "187"  "513" 
parallel_Pct       "0"    "0"    "0"    "0"    "0"    "0"    "0"    "1"    "2"    "4"    "5"    "6"    "6"    "8"   
doParallel         "  0"  "  0"  "  0"  "  0"  "  0"  "  0"  "  0"  "  0"  "  1"  "  4"  " 21"  " 39"  " 77"  "224" 
doParallel_Pct     "0"    "0"    "0"    "0"    "0"    "0"    "0"    "0"    "0"    "1"    "2"    "2"    "3"    "4"   
Rmpi               "0"    "0"    "0"    "0"    "0"    "0"    "0"    "2"    "0"    "0"    "7"    "0"    "5"    "9"   
Rmpi_Pct           "0"    "0"    "0"    "0"    "0"    "0"    "0"    "0"    "0"    "0"    "1"    "0"    "0"    "0"   
foreach            "  0"  "  0"  "  0"  "  0"  "  0"  "  0"  "  1"  "  3"  "  5"  " 19"  " 31"  " 62"  " 93"  "268" 
foreach_Pct        "0"    "0"    "0"    "0"    "0"    "0"    "2"    "1"    "1"    "2"    "3"    "3"    "3"    "4"   
future             " 0"   " 0"   " 0"   " 0"   " 0"   " 0"   " 0"   " 0"   " 0"   " 0"   " 0"   " 0"   " 5"   "30"  
future.apply       " 0"   " 0"   " 0"   " 0"   " 0"   " 0"   " 0"   " 0"   " 0"   " 0"   " 0"   " 0"   " 0"   "15"  
SparkR             "0"    "0"    "0"    "0"    "0"    "0"    "0"    "0"    "0"    "0"    "0"    "0"    "0"    "1"   
sparklyr           "0"    "0"    "0"    "0"    "0"    "0"    "0"    "0"    "0"    "0"    "0"    "1"    "2"    "5"   
batchtools         "0"    "0"    "0"    "0"    "0"    "0"    "0"    "0"    "0"    "0"    "0"    "0"    "0"    "3"   
RcppParallel       " 0"   " 0"   " 0"   " 0"   " 0"   " 0"   " 0"   " 0"   " 0"   " 1"   " 0"   " 2"   " 7"   "23"  
parallelDist       "0"    "0"    "0"    "0"    "0"    "0"    "0"    "0"    "0"    "0"    "0"    "0"    "0"    "5"   
parallelMap        "0"    "0"    "0"    "0"    "0"    "0"    "0"    "0"    "0"    "0"    "0"    "2"    "4"    "8"   
doMC               "0"    "0"    "0"    "0"    "0"    "0"    "1"    "1"    "1"    "1"    "3"    "5"    "4"    "9"   
doMC_Pct           "0"    "0"    "0"    "0"    "0"    "0"    "2"    "0"    "0"    "0"    "0"    "0"    "0"    "0"   
doMPI              "0"    "0"    "0"    "0"    "0"    "0"    "0"    "0"    "0"    "0"    "0"    "0"    "0"    "5"   
partools           "0"    "0"    "0"    "0"    "0"    "0"    "0"    "0"    "0"    "0"    "0"    "0"    "1"    "0"   
DSL                "0"    "0"    "0"    "0"    "0"    "0"    "0"    "0"    "0"    "0"    "1"    "0"    "0"    "0"   
> 
> # Chunk 7: comparison
> # 846 more appear to use compiled code
> print("Difference between packages that have src directory vs dependency on optimization framework:")
[1] "Difference between packages that have src directory vs dependency on optimization framework:"
> nrow(package_df[package_df$found == TRUE, ])  - nrow(package_df[package_df$package_deps != 'none', ])
[1] 839
> 
> # 1701 packages that don't list a dependency to one of the specified packages, but have a src directory for compiled code
> only_grep <- package_df[package_df$found == TRUE & package_df$package_deps == 'none', ]
> print(paste("Number of packages that don't list a dependency to one of the specified packages, but have a src directory for compiled code:", nrow(only_grep)))
[1] "Number of packages that don't list a dependency to one of the specified packages, but have a src directory for compiled code: 1706"
> 
> # 855 packages that list a dependency to one of the specified packages but don't have compiled code
> only_dep <- package_df[package_df$found == FALSE & package_df$package_deps != 'none', ]
> print(paste("Number of packages that list a dependency to one of the specified packages but don't have compiled code:", nrow(only_dep)))
[1] "Number of packages that list a dependency to one of the specified packages but don't have compiled code: 867"