> # Chunk 1: setup
> library(dplyr)
> library(stringi)
> library(ggplot2)
> 
> # these packages are used for a range of items related to optimization - compiled code, multi-processing, etc.
> look_for_packages <- c('Rcpp', 'tictoc', 'rbenchmark', 'microbenchmark', 'profr', 'profvis', 'snow', 'doSNOW', 'parallel', 'doParallel', 'Rmpi', 'foreach', 'future', 'future.apply', 'SparkR', 'sparklyr', 'batchtools', 'RcppParallel', 'parallelDist', 'parallelMap', 'doMC', 'doMPI', 'partools', 'DSL')
> # Notes about package selection
> #Timing tools
> #  system.time() - time how long something takes
> #  Sys.time() - get current time
> #  tictoc - package
> #  rbenchmark - package
> #  microbenchmark - Package
> #  Rprof - function
> #  profr - Package
> #  profvis - Package
> #
> #Parallelization packages
> #  snow
> #  doSNOW
> #  parallel - R started with release 2.14.0 which includes a new package parallel incorporating (slightly revised) copies of packages multicore and snow.
> #  doParallel
> #  Rmpi - Rmpi provides an interface (wrapper) to MPI APIs. It also provides interactive R slave environment.
> #  foreach - Executing the loop in parallel.
> #  future - A minimal, efficient, cross-platform unified Future API for parallel and distributed processing in R; designed for beginners as well as advanced developers.
> #  SparkR - R frontend for Spark.
> #  DistributedR - A scalable high-performance platform from HP Vertica Analytics Team. Not available via CRAN, so not part of analysis.
> #  ddR - Provides distributed data structures and simplifies distributed computing in R. Not considered as is now listed as status of abandoned on CRAN
> #  sparklyr - R interface for Apache Spark from RStudio.
> #  batchtools - High performance computing with LSF, TORQUE, Slurm, OpenLava, SGE and Docker Swarm.
> #  RcppParallel
> #  threadpool - Not considered as not available via CRAN, only available via github
> #  parallelDist
> #  parallelMap
> #  doMC
> #  doMPI
> #  Rmpi
> #  partools
> #  DSL - has MapReduce function
> 
> 
> # Chunk 2: importsharedfn
> # update this path based on where you have checked out the git repository
> source("~/SoftwareEngineeringPrinciples/sourcecode/shared_fn.R")
> 
> # Chunk 3: grep_packages
> # if value 100%, then read all packages, otherwise, randomly select number of packages provided
> sample_size <- '100%'
> # dont need to untar, but is useful for manual analysis
> untar_files <- FALSE
> 
> # call code from shared_fn.R to download files and extract them if desired
> package_df <- initialize(search_pattern="src[^/]*/.+", sample_size=sample_size, untar_files=untar_files)
> 
> if (nrow(package_df[package_df$download_error == TRUE, ]) > 0) {
+   print('Unable to download or untar these packages - they will not be considered in analysis')
+   print(package_df[package_df$download_error == TRUE, ])
+ } else {
+   print('It appears that all files downloaded and untared successfully.')
+ }
[1] "It appears that all files downloaded and untared successfully."
> 
> print(paste('As of', date(), 'there are', nrow(package_df), 'packages available on CRAN'))
[1] "As of Wed Dec  5 13:50:38 2018 there are 13509 packages available on CRAN"
> 
> # Chunk 4: grep_based_visualizations
> # build data needed for plots
> gtf <- grep_table_freqs(package_df)
> gtt <- grep_table_totals(gtf)
[1] "Summary Table for Grep Results"
      [,1]   [,2]   [,3]   [,4]   [,5]   [,6]   [,7]   [,8]   [,9]   [,10]  [,11]  [,12]  [,13]  [,14] 
Year  "2005" "2006" "2007" "2008" "2009" "2010" "2011" "2012" "2013" "2014" "2015" "2016" "2017" "2018"
Total "   1" "   4" "   1" "  10" "  24" "  32" "  65" " 457" " 564" " 755" "1127" "1726" "2517" "6226"
Grep  NA     "   3" NA     "   1" "   6" "  11" "  15" "  59" " 114" " 154" " 224" " 376" " 606" "1859"
Pct   NA     "75"   NA     "10"   "25"   "34"   "23"   "13"   "20"   "20"   "20"   "22"   "24"   "30"  
> 
> # generate plots
> freq_plot <- grep_viz_freq(gtf, image_prefix = 'optimization', label = 'Compiled')
> freq_plot
> pct_plot <- grep_viz_pct(gtt, image_prefix = 'optimization', label = 'Compiled')
> pct_plot
> 
> # Chunk 5: dependencies
> # function from shared_fn.R - sets package_df$package_deps
> package_df <- calc_dependencies(package_df)
          Rcpp       parallel        foreach     doParallel microbenchmark         future   RcppParallel 
          1528            941            507            390             83             39             35 
          doMC           Rmpi     rbenchmark           snow         doSNOW   future.apply    parallelMap 
            26             23             21             21             16             16             14 
      sparklyr         tictoc   parallelDist          doMPI     batchtools          profr        profvis 
            11              5              5              5              3              2              1 
        SparkR       partools            DSL 
             1              1              1 
> 
> # are there any that have more than one dependency listed?
> # these are all counted multiple times in histogram
> show_multiple_dependencies(package_df, look_for_packages)
Packages with 0 dependencies: 10899 
Packages with 1 dependencies: 1912 
Packages with 2 dependencies: 406 
Multiple Dependency Table (dep=2):
    batchtools,parallel  batchtools,parallelMap            doMC,foreach           doMC,parallel 
                      1                       1                      10                       2 
              doMC,Rcpp      doParallel,foreach     doParallel,parallel         doParallel,Rcpp 
                      1                     110                      14                       4 
    doParallel,sparklyr          foreach,future        foreach,parallel            foreach,Rcpp 
                      1                       1                      12                      25 
    future,future.apply         future,parallel             future,Rcpp microbenchmark,parallel 
                      6                       5                       2                       3 
    microbenchmark,Rcpp       parallelDist,Rcpp    parallel,parallelMap     parallel,rbenchmark 
                     34                       1                       3                       3 
          parallel,Rcpp           parallel,Rmpi           parallel,snow         rbenchmark,Rcpp 
                    124                       6                       1                       8 
      Rcpp,RcppParallel               Rcpp,Rmpi             Rcpp,tictoc               Rmpi,snow 
                     23                       1                       1                       3 
Packages with 3 dependencies: 220 
Multiple Dependency Table (dep=3):
    batchtools,future,future.apply            doMC,doParallel,foreach                doMC,doSNOW,foreach 
                                 1                                  4                                  1 
             doMC,foreach,parallel                  doMC,foreach,Rcpp           doMPI,doParallel,foreach 
                                 1                                  1                                  1 
            doMPI,foreach,parallel  doParallel,foreach,microbenchmark        doParallel,foreach,parallel 
                                 1                                  1                                133 
   doParallel,foreach,parallelDist           doParallel,foreach,profr            doParallel,foreach,Rcpp 
                                 1                                  1                                 39 
    doParallel,microbenchmark,Rcpp           doParallel,parallel,Rcpp            doSNOW,foreach,parallel 
                                 1                                  4                                  5 
               doSNOW,foreach,Rcpp                doSNOW,foreach,snow            foreach,future,parallel 
                                 3                                  2                                  1 
             foreach,parallel,Rmpi              foreach,parallel,snow future,future.apply,microbenchmark 
                                 1                                  1                                  1 
      future,future.apply,parallel           future,future.apply,Rcpp               future,parallel,Rcpp 
                                 1                                  2                                  2 
      microbenchmark,parallel,Rcpp   microbenchmark,Rcpp,RcppParallel         parallel,parallelDist,Rcpp 
                                 1                                  2                                  1 
       parallel,parallelMap,tictoc         parallel,Rcpp,RcppParallel                 parallel,Rcpp,Rmpi 
                                 1                                  2                                  1 
                parallel,Rmpi,snow       rbenchmark,Rcpp,RcppParallel 
                                 2                                  1 
Packages with 4 dependencies: 53 
Multiple Dependency Table (dep=4):
           doMC,doParallel,foreach,Rcpp     doMPI,doParallel,foreach,rbenchmark 
                                      1                                       1 
     doParallel,doSNOW,foreach,parallel          doParallel,doSNOW,foreach,Rcpp 
                                      1                                       1 
         doParallel,foreach,future,Rcpp       doParallel,foreach,parallel,profr 
                                      1                                       1 
       doParallel,foreach,parallel,Rcpp        doParallel,foreach,parallel,Rmpi 
                                     39                                       3 
           doSNOW,foreach,parallel,Rcpp    foreach,future,future.apply,parallel 
                                      1                                       1 
      future,future.apply,parallel,Rcpp    microbenchmark,parallel,profvis,Rcpp 
                                      1                                       1 
microbenchmark,parallel,rbenchmark,Rcpp 
                                      1 
Packages with 5 dependencies: 16 
Multiple Dependency Table (dep=5):
                doMPI,doParallel,foreach,parallel,Rcpp        doParallel,foreach,microbenchmark,parallel,Rcpp 
                                                     1                                                      5 
           doParallel,foreach,parallel,rbenchmark,Rcpp          doParallel,foreach,parallel,Rcpp,RcppParallel 
                                                     1                                                      5 
                 doParallel,foreach,parallel,Rcpp,Rmpi                      doSNOW,foreach,parallel,Rcpp,snow 
                                                     1                                                      1 
             foreach,future,future.apply,parallel,snow microbenchmark,parallel,parallelDist,Rcpp,RcppParallel 
                                                     1                                                      1 
Packages with 6 dependencies: 2 
Multiple Dependency Table (dep=6):
              doMC,doParallel,doSNOW,foreach,parallel,snow 
                                                         1 
doParallel,foreach,parallel,parallelDist,Rcpp,RcppParallel 
                                                         1 
Packages with 7 dependencies: 1 
Multiple Dependency Table (dep=7):
doMPI,doParallel,foreach,future,parallel,parallelMap,snow 
                                                        1 
Packages with 8 dependencies: 0 
Packages with 9 dependencies: 0 
Packages with 10 dependencies: 0 
Packages with 11 dependencies: 0 
Packages with 12 dependencies: 0 
Packages with 13 dependencies: 0 
Packages with 14 dependencies: 0 
Packages with 15 dependencies: 0 
Packages with 16 dependencies: 0 
Packages with 17 dependencies: 0 
Packages with 18 dependencies: 0 
Packages with 19 dependencies: 0 
Packages with 20 dependencies: 0 
Packages with 21 dependencies: 0 
Packages with 22 dependencies: 0 
Packages with 23 dependencies: 0 
Packages with 24 dependencies: 0 
Packages with 25 dependencies: 0 
> 
> # Chunk 6: dependency_based_visualizations
> # need to merge transformed_df with package_df to keep those with no dependency and create better histogram
> transformed_df <- transform_df(package_df)
> transformed_df <- merge(transformed_df, package_df[package_df$package_deps == 'none', ][colnames(transformed_df)], all=TRUE)
> 
> dep_freqs <- aggregate(strftime(transformed_df$date, "%Y"),
+                        by=list(strftime(transformed_df$date, "%Y"), transformed_df$package_deps),
+                        FUN=length)
> 
> names(dep_freqs) <- c('Year', 'Dependency', 'Count')
> dep_freqs$Dependency <- reorder_none(dep_freqs$Dependency)
> 
> fplot <- ggplot(data=dep_freqs[dep_freqs$Count > 14, ], aes(x=Year, y=Count, fill=Dependency)) +
+   geom_bar(stat="identity") +
+   scale_fill_viridis_d(option="inferno", end=0.96) +
+   xlab("Year Package Last Updated") +
+   labs(fill = "Dependency n > 14")
> fplot
> ggsave(filename = paste0(image_base, "optimization_dependency_stacked_bar.png"), fplot,
+        width = 7.2, height = 5.5, dpi = 600, units = "in", device='png')
> 
> dep_totals <- dependency_table(dep_freqs)
> print('Dependency Table:')
[1] "Dependency Table:"
> dep_totals
                   [,1]   [,2]   [,3]   [,4]   [,5]   [,6]   [,7]   [,8]   [,9]   [,10]  [,11]  [,12]  [,13] 
Year               "2005" "2006" "2007" "2008" "2009" "2010" "2011" "2012" "2013" "2014" "2015" "2016" "2017"
Count              "   1" "   4" "   1" "  10" "  24" "  32" "  66" " 463" " 566" " 773" "1170" "1822" "2699"
Rcpp               "  0"  "  0"  "  0"  "  0"  "  0"  "  1"  "  0"  "  4"  "  6"  " 37"  " 60"  "149"  "273" 
Rcpp_Pct           " 0"   " 0"   " 0"   " 0"   " 0"   " 3"   " 0"   " 1"   " 1"   " 5"   " 5"   " 8"   "10"  
tictoc             "0"    "0"    "0"    "0"    "0"    "0"    "0"    "0"    "0"    "0"    "0"    "0"    "1"   
rbenchmark         " 0"   " 0"   " 0"   " 0"   " 0"   " 0"   " 0"   " 0"   " 0"   " 0"   " 1"   " 1"   " 3"  
microbenchmark     " 0"   " 0"   " 0"   " 0"   " 0"   " 0"   " 0"   " 0"   " 0"   " 0"   " 0"   " 5"   "11"  
microbenchmark_Pct "0"    "0"    "0"    "0"    "0"    "0"    "0"    "0"    "0"    "0"    "0"    "0"    "0"   
profr              "0"    "0"    "0"    "0"    "0"    "0"    "0"    "0"    "0"    "0"    "0"    "1"    "0"   
profvis            "0"    "0"    "0"    "0"    "0"    "0"    "0"    "0"    "0"    "0"    "0"    "0"    "0"   
snow               " 0"   " 0"   " 0"   " 0"   " 0"   " 0"   " 0"   " 4"   " 1"   " 0"   " 1"   " 0"   " 5"  
snow_Pct           "0"    "0"    "0"    "0"    "0"    "0"    "0"    "1"    "0"    "0"    "0"    "0"    "0"   
doSNOW             "0"    "0"    "0"    "0"    "0"    "0"    "0"    "1"    "0"    "2"    "0"    "0"    "4"   
parallel           "  0"  "  0"  "  0"  "  0"  "  0"  "  0"  "  0"  "  3"  " 14"  " 32"  " 53"  "102"  "169" 
parallel_Pct       "0"    "0"    "0"    "0"    "0"    "0"    "0"    "1"    "2"    "4"    "5"    "6"    "6"   
doParallel         "  0"  "  0"  "  0"  "  0"  "  0"  "  0"  "  0"  "  0"  "  1"  "  4"  " 20"  " 38"  " 68" 
doParallel_Pct     "0"    "0"    "0"    "0"    "0"    "0"    "0"    "0"    "0"    "1"    "2"    "2"    "3"   
Rmpi               " 0"   " 0"   " 0"   " 0"   " 0"   " 0"   " 0"   " 2"   " 0"   " 0"   " 7"   " 0"   " 4"  
Rmpi_Pct           "0"    "0"    "0"    "0"    "0"    "0"    "0"    "0"    "0"    "0"    "1"    "0"    "0"   
foreach            "  0"  "  0"  "  0"  "  0"  "  0"  "  0"  "  1"  "  3"  "  5"  " 19"  " 30"  " 61"  " 83" 
foreach_Pct        "0"    "0"    "0"    "0"    "0"    "0"    "2"    "1"    "1"    "2"    "3"    "3"    "3"   
future             " 0"   " 0"   " 0"   " 0"   " 0"   " 0"   " 0"   " 0"   " 0"   " 0"   " 0"   " 0"   " 4"  
future_Pct         "0"    "0"    "0"    "0"    "0"    "0"    "0"    "0"    "0"    "0"    "0"    "0"    "0"   
future.apply       " 0"   " 0"   " 0"   " 0"   " 0"   " 0"   " 0"   " 0"   " 0"   " 0"   " 0"   " 0"   " 0"  
SparkR             "0"    "0"    "0"    "0"    "0"    "0"    "0"    "0"    "0"    "0"    "0"    "0"    "0"   
sparklyr           "0"    "0"    "0"    "0"    "0"    "0"    "0"    "0"    "0"    "0"    "0"    "1"    "1"   
batchtools         "0"    "0"    "0"    "0"    "0"    "0"    "0"    "0"    "0"    "0"    "0"    "0"    "0"   
RcppParallel       " 0"   " 0"   " 0"   " 0"   " 0"   " 0"   " 0"   " 0"   " 0"   " 0"   " 0"   " 2"   " 6"  
parallelDist       "0"    "0"    "0"    "0"    "0"    "0"    "0"    "0"    "0"    "0"    "0"    "0"    "0"   
parallelMap        "0"    "0"    "0"    "0"    "0"    "0"    "0"    "0"    "0"    "0"    "0"    "2"    "4"   
doMC               " 0"   " 0"   " 0"   " 0"   " 0"   " 0"   " 1"   " 1"   " 1"   " 1"   " 3"   " 5"   " 4"  
doMC_Pct           "0"    "0"    "0"    "0"    "0"    "0"    "2"    "0"    "0"    "0"    "0"    "0"    "0"   
doMPI              "0"    "0"    "0"    "0"    "0"    "0"    "0"    "0"    "0"    "0"    "0"    "0"    "0"   
partools           "0"    "0"    "0"    "0"    "0"    "0"    "0"    "0"    "0"    "0"    "0"    "0"    "1"   
DSL                "0"    "0"    "0"    "0"    "0"    "0"    "0"    "0"    "0"    "0"    "1"    "0"    "0"   
                   [,14] 
Year               "2018"
Count              "6963"
Rcpp               "998" 
Rcpp_Pct           "14"  
tictoc             "4"   
rbenchmark         "16"  
microbenchmark     "67"  
microbenchmark_Pct "1"   
profr              "1"   
profvis            "1"   
snow               "10"  
snow_Pct           "0"   
doSNOW             "9"   
parallel           "568" 
parallel_Pct       "8"   
doParallel         "259" 
doParallel_Pct     "4"   
Rmpi               "10"  
Rmpi_Pct           "0"   
foreach            "305" 
foreach_Pct        "4"   
future             "35"  
future_Pct         "1"   
future.apply       "16"  
SparkR             "1"   
sparklyr           "9"   
batchtools         "3"   
RcppParallel       "27"  
parallelDist       "5"   
parallelMap        "8"   
doMC               "10"  
doMC_Pct           "0"   
doMPI              "5"   
partools           "0"   
DSL                "0"   
> 
> # Chunk 7: comparison
> # About 846 more appear to use compiled code
> print("Difference between packages that have src directory vs dependency on optimization framework:")
[1] "Difference between packages that have src directory vs dependency on optimization framework:"
> nrow(package_df[package_df$found == TRUE, ])  - nrow(package_df[package_df$package_deps != 'none', ])
[1] 818
> 
> # About 1701 packages that don't list a dependency to one of the specified packages, but have a src directory for compiled code
> only_grep <- package_df[package_df$found == TRUE & package_df$package_deps == 'none', ]
> print(paste("Number of packages that don't list a dependency to one of the specified packages, but have a src directory for compiled code:", nrow(only_grep)))
[1] "Number of packages that don't list a dependency to one of the specified packages, but have a src directory for compiled code: 1726"
> 
> # About 855 packages that list a dependency to one of the specified packages but don't have compiled code
> only_dep <- package_df[package_df$found == FALSE & package_df$package_deps != 'none', ]
> print(paste("Number of packages that list a dependency to one of the specified packages but don't have compiled code:", nrow(only_dep)))
[1] "Number of packages that list a dependency to one of the specified packages but don't have compiled code: 908"
